// Jest Snapshot v1, https://goo.gl/fbAQLP

exports[`EntryList Suite Test Snapshot 1`] = `
<div class="entry-list-container">
  <div class="px-2 pt-2"><input type="text" class="form-control" placeholder="Buscar entradas"></div>
</div>
<div class="mt-2 d-flex flex-column"><button class="btn btn-primary mx-3"><i class="fa fa-plus-circle"></i> Nueva Entrada </button></div>
<div class="entry-scroll-area">
  <entry-component-stub entry="[object Object]"></entry-component-stub>
  <entry-component-stub entry="[object Object]"></entry-component-stub>
</div>
`;
