// Jest Snapshot v1, https://goo.gl/fbAQLP

exports[`Fab Component Unit Test Must render Snapshot properly 1`] = `<button class="btn btn-primary"><i class="fa fa-2x fa-plus"></i></button>`;
