// Jest Snapshot v1, https://goo.gl/fbAQLP

exports[`Home View Test Must render the snapshot succesfully 1`] = `
<div class="home"><img alt="Vue logo" src="">
  <h1>Hola Mundo</h1><button class="btn btn-primary">Go to DayBook</button>
</div>
`;
